// Jest Snapshot v1, https://goo.gl/fbAQLP

exports[`renders aboutpage unchanged 1`] = `
<div>
  <div
    class="bg-white p-5 rounded-lg shadow-lg mx-auto  w-full sm:w-[1016.95px]"
  >
    <p
      class="text-left text-md text-gray-600"
    >
      Willkommen auf dem Blog MachtBewusst-Hamburg! Hier dreht sich alles um machtkritische und dekoloniale Perspektiven der Hamburger Zivilgesellschaft. Wir möchten das Engagement und die Projekte im Dekolonisierungsprozess in Hamburg hervorheben und euch mit interessanten Beiträgen, Fachwissen und Erfahrungen inspirieren. Egal ob ihr bereits aktiv oder einfach neugierig seid, hier findet ihr eine Datenbank mit Akteuren:innen, einen Veranstaltungskalender und spannende Materialien zur Thematik. Schaut vorbei, informiert euch und lasst euch von neuen Gedanken anregen.
    </p>
  </div>
</div>
`;
